Infernal Healing									CLASSES:Cleric,Magus,Sorcerer,Wizard,Summoner,Witch=1						SCHOOL:Conjuration	SUBSCHOOL:Healing		DESCRIPTOR:Evil			TYPE:Arcane.Divine	COMPS:V, S, M	CASTTIME:1 round			RANGE:Touch				TARGETAREA:Creature touched											DURATION:1 minute								SAVEINFO:Will negates (harmless)		SPELLRES:Yes (harmless)					DESC:Anoint a wounded creature with devil's blood or unholy water giving it fast healing 1. Does not repair silver or good damage. Target detects as evil for the duration.																																																																										SOURCEPAGE:p.295
Infernal Healing (Greater)	OUTPUTNAME:Infernal Healing, Greater			CLASSES:Cleric,Magus,Sorcerer,Wizard,Summoner,Witch=4						SCHOOL:Conjuration	SUBSCHOOL:Healing		DESCRIPTOR:Evil			TYPE:Arcane.Divine	COMPS:V, S, M	CASTTIME:1 round			RANGE:Touch				TARGETAREA:Creature touched											DURATION:1 minute								SAVEINFO:Will negates (harmless)		SPELLRES:Yes (harmless)					DESC:Anoint a wounded creature with devil's blood or unholy water giving it fast healing 4. Does not repair silver or good damage. Target detects as an evil cleric for the duration.																																																																								SOURCEPAGE:p.295

