Armor of the Warrior Priest	PROFICIENCY:ARMOR|Breastplate	TYPE:Enhancement.Armor.ArmorProfMedium.Medium.Suit.Specific	WT:30	ACCHECK:-4	EQMOD:PLUS2A.STEEL	MAXDEX:3	SPELLFAILURE:25	BONUS:COMBAT|AC|6|TYPE=Armor	ABILITY:FEAT|VIRTUAL|Warrior Priest ~ Houserules	SPROP:This +2 breastplate has an image of flames. It bestows an increasing readiness and steadfastness upon its wearer. You gain the Warrior Priest feat while wearing this armor.

Celestial Plate Armor																																											PROFICIENCY:ARMOR|Full Plate	TYPE:Enhancement.Armor.Medium.ArmorProfHeavy.Suit.Specific							COST:28650	WT:25		ACCHECK:-3								MAXDEX:6								SOURCEPAGE:p.29	SPELLFAILURE:20		ABILITY:Internal|AUTOMATIC|Equipment ~ Heavy Armor Grants Gauntlet	SPELLS:Magic Item|TIMES=1|CASTERLEVEL=5|Fly,14													BONUS:COMBAT|AC|9|TYPE=Armor									SPROP:Allows the wearer to fly on command once per day. Aura faint transmutation (Good).  Celestial plate armor is a sturdier version of the standard celestial armor. This bright silver suit of +3 full plate is remarkably light, and is treated as medium armor. It has a maximum Dexterity bonus of +6, an armor check penalty of -3, and an arcane spell failure chance of 20%. It allows the wearer to use fly on command (as the spell) once per day.

